2025-04-13 16:16:13.622023 - Received CBT.V508.FILE1015.PDS from FILE1015.XMI 
2025-04-13 16:16:13.630300 - Found $$$#DATE.txt (text/plain) in CBT.V508.FILE1015.PDS, moved to PDS/$$$#DATE
2025-04-13 16:16:13.630695 - Found $$NOTE01.txt (text/plain) in CBT.V508.FILE1015.PDS, moved to PDS/$$NOTE01
2025-04-13 16:16:13.630862 - Found $$NOTE02.txt (text/plain) in CBT.V508.FILE1015.PDS, moved to PDS/$$NOTE02
2025-04-13 16:16:13.631037 - Found $BIND.jcl (text/plain) in CBT.V508.FILE1015.PDS, moved to PDS/$BIND
2025-04-13 16:16:13.631206 - Found $COMPDYN.jcl (text/plain) in CBT.V508.FILE1015.PDS, moved to PDS/$COMPDYN
2025-04-13 16:16:13.631447 - Found $COMPEXC.jcl (text/plain) in CBT.V508.FILE1015.PDS, moved to PDS/$COMPEXC
2025-04-13 16:16:13.631607 - Found $COMPEXL.jcl (text/plain) in CBT.V508.FILE1015.PDS, moved to PDS/$COMPEXL
2025-04-13 16:16:13.631780 - Found $COMPEXP.jcl (text/plain) in CBT.V508.FILE1015.PDS, moved to PDS/$COMPEXP
2025-04-13 16:16:13.631947 - Found $COMPEXZ.jcl (text/plain) in CBT.V508.FILE1015.PDS, moved to PDS/$COMPEXZ
2025-04-13 16:16:13.632107 - Found $COMPOBL.jcl (text/plain) in CBT.V508.FILE1015.PDS, moved to PDS/$COMPOBL
2025-04-13 16:16:13.632318 - Found $COMPOBZ.jcl (text/plain) in CBT.V508.FILE1015.PDS, moved to PDS/$COMPOBZ
2025-04-13 16:16:13.632527 - Found $COMPTST.jcl (text/plain) in CBT.V508.FILE1015.PDS, moved to PDS/$COMPTST
2025-04-13 16:16:13.632752 - Found $COMPTS2.jcl (text/plain) in CBT.V508.FILE1015.PDS, moved to PDS/$COMPTS2
2025-04-13 16:16:13.632924 - Found $DDFTAB.txt (text/plain) in CBT.V508.FILE1015.PDS, moved to PDS/$DDFTAB
2025-04-13 16:16:13.633091 - Found $DDLZB1B.jcl (text/plain) in CBT.V508.FILE1015.PDS, moved to PDS/$DDLZB1B
2025-04-13 16:16:13.633243 - Found $DDLZC1C.txt (text/plain) in CBT.V508.FILE1015.PDS, moved to PDS/$DDLZC1C
2025-04-13 16:16:13.633388 - Found $DDLZVCL.jcl (text/plain) in CBT.V508.FILE1015.PDS, moved to PDS/$DDLZVCL
2025-04-13 16:16:13.633555 - Found $DDLZV11.txt (text/plain) in CBT.V508.FILE1015.PDS, moved to PDS/$DDLZV11
2025-04-13 16:16:13.633717 - Found $DDLZV12.jcl (text/plain) in CBT.V508.FILE1015.PDS, moved to PDS/$DDLZV12
2025-04-13 16:16:13.633860 - Found $HOSTDB.txt (text/plain) in CBT.V508.FILE1015.PDS, moved to PDS/$HOSTDB
2025-04-13 16:16:13.634009 - Found $INDEX.txt (text/plain) in CBT.V508.FILE1015.PDS, moved to PDS/$INDEX
2025-04-13 16:16:13.634163 - Found #GENIEBU.jcl (text/plain) in CBT.V508.FILE1015.PDS, moved to PDS/#GENIEBU
2025-04-13 16:16:13.634314 - Found #NEUEMAP.txt (text/plain) in CBT.V508.FILE1015.PDS, moved to PDS/#NEUEMAP
2025-04-13 16:16:13.634467 - Found #NICHTDA.rexx (text/plain) in CBT.V508.FILE1015.PDS, moved to PDS/#NICHTDA
2025-04-13 16:16:13.634616 - Found #SSIDINF.txt (text/plain) in CBT.V508.FILE1015.PDS, moved to PDS/#SSIDINF
2025-04-13 16:16:13.635071 - Found #STEULA1.txt (text/plain) in CBT.V508.FILE1015.PDS, moved to PDS/#STEULA1
2025-04-13 16:16:13.635662 - Found #STEULA5.txt (text/plain) in CBT.V508.FILE1015.PDS, moved to PDS/#STEULA5
2025-04-13 16:16:13.636250 - Found #STEULB1.txt (text/plain) in CBT.V508.FILE1015.PDS, moved to PDS/#STEULB1
2025-04-13 16:16:13.636816 - Found #STEULB5.txt (text/plain) in CBT.V508.FILE1015.PDS, moved to PDS/#STEULB5
2025-04-13 16:16:13.637266 - Found #STEUL97.txt (text/plain) in CBT.V508.FILE1015.PDS, moved to PDS/#STEUL97
2025-04-13 16:16:13.637839 - Found #STEUZA1.txt (text/plain) in CBT.V508.FILE1015.PDS, moved to PDS/#STEUZA1
2025-04-13 16:16:13.638469 - Found #STEUZB1.txt (text/plain) in CBT.V508.FILE1015.PDS, moved to PDS/#STEUZB1
2025-04-13 16:16:13.639255 - Found #STEUZC1.txt (text/plain) in CBT.V508.FILE1015.PDS, moved to PDS/#STEUZC1
2025-04-13 16:16:13.640028 - Found #STEUZC2.txt (text/plain) in CBT.V508.FILE1015.PDS, moved to PDS/#STEUZC2
2025-04-13 16:16:13.640666 - Found #STEUZ81.txt (text/plain) in CBT.V508.FILE1015.PDS, moved to PDS/#STEUZ81
2025-04-13 16:16:13.641004 - Found #STEUZ91.txt (text/plain) in CBT.V508.FILE1015.PDS, moved to PDS/#STEUZ91
2025-04-13 16:16:13.641152 - Found #1SAVE.jcl (text/plain) in CBT.V508.FILE1015.PDS, moved to PDS/#1SAVE
2025-04-13 16:16:13.641195 - Found @FIL1015.txt (text/plain) in CBT.V508.FILE1015.PDS, moved to PDS/@FIL1015
2025-04-13 16:16:13.641339 - Found ALTERCOL.txt (text/plain) in CBT.V508.FILE1015.PDS, moved to PDS/ALTERCOL
2025-04-13 16:16:13.641533 - Found ARXPARM1.rexx (text/plain) in CBT.V508.FILE1015.PDS, moved to PDS/ARXPARM1
2025-04-13 16:16:13.641819 - Found CCOMPTAB.rexx (text/plain) in CBT.V508.FILE1015.PDS, moved to PDS/CCOMPTAB
2025-04-13 16:16:13.641977 - Found DELBL.rexx (text/plain) in CBT.V508.FILE1015.PDS, moved to PDS/DELBL
2025-04-13 16:16:13.642567 - Found DYNAMSQL.rexx (text/plain) in CBT.V508.FILE1015.PDS, moved to PDS/DYNAMSQL
2025-04-13 16:16:13.643245 - Found DYNAMSQ1.rexx (text/plain) in CBT.V508.FILE1015.PDS, moved to PDS/DYNAMSQ1
2025-04-13 16:16:13.643804 - Found DYNAMSQ2.rexx (text/plain) in CBT.V508.FILE1015.PDS, moved to PDS/DYNAMSQ2
2025-04-13 16:16:13.644098 - Found GENIEBUP.rexx (text/plain) in CBT.V508.FILE1015.PDS, moved to PDS/GENIEBUP
2025-04-13 16:16:13.644279 - Found GETPWD.rexx (text/plain) in CBT.V508.FILE1015.PDS, moved to PDS/GETPWD
2025-04-13 16:16:13.644447 - Found ICINFO.rexx (text/plain) in CBT.V508.FILE1015.PDS, moved to PDS/ICINFO
2025-04-13 16:16:13.644589 - Found JOB.rexx (text/plain) in CBT.V508.FILE1015.PDS, moved to PDS/JOB
2025-04-13 16:16:13.644977 - Found LUWAUSW.rexx (text/plain) in CBT.V508.FILE1015.PDS, moved to PDS/LUWAUSW
2025-04-13 16:16:13.645391 - Found LUWAUSWA.rexx (text/plain) in CBT.V508.FILE1015.PDS, moved to PDS/LUWAUSWA
2025-04-13 16:16:13.645756 - Found LUWAUSWX.rexx (text/plain) in CBT.V508.FILE1015.PDS, moved to PDS/LUWAUSWX
2025-04-13 16:16:13.646461 - Found LUWA1AC2.rexx (text/plain) in CBT.V508.FILE1015.PDS, moved to PDS/LUWA1AC2
2025-04-13 16:16:13.647422 - Found LUWA1AC3.rexx (text/plain) in CBT.V508.FILE1015.PDS, moved to PDS/LUWA1AC3
2025-04-13 16:16:13.647728 - Found LUWA1200.rexx (text/plain) in CBT.V508.FILE1015.PDS, moved to PDS/LUWA1200
2025-04-13 16:16:13.648279 - Found LUWA1210.rexx (text/plain) in CBT.V508.FILE1015.PDS, moved to PDS/LUWA1210
2025-04-13 16:16:13.648588 - Found LUWA1900.rexx (text/plain) in CBT.V508.FILE1015.PDS, moved to PDS/LUWA1900
2025-04-13 16:16:13.648804 - Found LUWA1905.rexx (text/plain) in CBT.V508.FILE1015.PDS, moved to PDS/LUWA1905
2025-04-13 16:16:13.648998 - Found LUWA1910.rexx (text/plain) in CBT.V508.FILE1015.PDS, moved to PDS/LUWA1910
2025-04-13 16:16:13.649158 - Found LUWA1911.rexx (text/plain) in CBT.V508.FILE1015.PDS, moved to PDS/LUWA1911
2025-04-13 16:16:13.649333 - Found LUWA1915.rexx (text/plain) in CBT.V508.FILE1015.PDS, moved to PDS/LUWA1915
2025-04-13 16:16:13.649778 - Found LUWA1920.bin (application/octet-stream) in CBT.V508.FILE1015.PDS, moved to PDS/LUWA1920
2025-04-13 16:16:13.650344 - Found LUWA1925.rexx (text/plain) in CBT.V508.FILE1015.PDS, moved to PDS/LUWA1925
2025-04-13 16:16:13.650972 - Found LUWA5AC1.rexx (text/plain) in CBT.V508.FILE1015.PDS, moved to PDS/LUWA5AC1
2025-04-13 16:16:13.651681 - Found LUWA5AC2.rexx (text/plain) in CBT.V508.FILE1015.PDS, moved to PDS/LUWA5AC2
2025-04-13 16:16:13.652690 - Found LUWA5AC3.rexx (text/plain) in CBT.V508.FILE1015.PDS, moved to PDS/LUWA5AC3
2025-04-13 16:16:13.653011 - Found LUWA5200.rexx (text/plain) in CBT.V508.FILE1015.PDS, moved to PDS/LUWA5200
2025-04-13 16:16:13.653494 - Found LUWA5210.rexx (text/plain) in CBT.V508.FILE1015.PDS, moved to PDS/LUWA5210
2025-04-13 16:16:13.653795 - Found LUWA5900.rexx (text/plain) in CBT.V508.FILE1015.PDS, moved to PDS/LUWA5900
2025-04-13 16:16:13.653988 - Found LUWA5905.rexx (text/plain) in CBT.V508.FILE1015.PDS, moved to PDS/LUWA5905
2025-04-13 16:16:13.654192 - Found LUWA5910.rexx (text/plain) in CBT.V508.FILE1015.PDS, moved to PDS/LUWA5910
2025-04-13 16:16:13.654351 - Found LUWA5911.rexx (text/plain) in CBT.V508.FILE1015.PDS, moved to PDS/LUWA5911
2025-04-13 16:16:13.654679 - Found LUWA5915.rexx (text/plain) in CBT.V508.FILE1015.PDS, moved to PDS/LUWA5915
2025-04-13 16:16:13.655052 - Found LUWA5920.bin (application/octet-stream) in CBT.V508.FILE1015.PDS, moved to PDS/LUWA5920
2025-04-13 16:16:13.655527 - Found LUWA5921.bin (application/octet-stream) in CBT.V508.FILE1015.PDS, moved to PDS/LUWA5921
2025-04-13 16:16:13.656097 - Found LUWA5925.rexx (text/plain) in CBT.V508.FILE1015.PDS, moved to PDS/LUWA5925
2025-04-13 16:16:13.656633 - Found LUWA5935.rexx (text/plain) in CBT.V508.FILE1015.PDS, moved to PDS/LUWA5935
2025-04-13 16:16:13.657195 - Found LUWB1AC1.rexx (text/plain) in CBT.V508.FILE1015.PDS, moved to PDS/LUWB1AC1
2025-04-13 16:16:13.657837 - Found LUWB1AC2.rexx (text/plain) in CBT.V508.FILE1015.PDS, moved to PDS/LUWB1AC2
2025-04-13 16:16:13.658774 - Found LUWB1AC3.rexx (text/plain) in CBT.V508.FILE1015.PDS, moved to PDS/LUWB1AC3
2025-04-13 16:16:13.659101 - Found LUWB1200.rexx (text/plain) in CBT.V508.FILE1015.PDS, moved to PDS/LUWB1200
2025-04-13 16:16:13.659595 - Found LUWB1210.rexx (text/plain) in CBT.V508.FILE1015.PDS, moved to PDS/LUWB1210
2025-04-13 16:16:13.659907 - Found LUWB1900.rexx (text/plain) in CBT.V508.FILE1015.PDS, moved to PDS/LUWB1900
2025-04-13 16:16:13.660136 - Found LUWB1905.rexx (text/plain) in CBT.V508.FILE1015.PDS, moved to PDS/LUWB1905
2025-04-13 16:16:13.660300 - Found LUWB1910.rexx (text/plain) in CBT.V508.FILE1015.PDS, moved to PDS/LUWB1910
2025-04-13 16:16:13.660460 - Found LUWB1911.rexx (text/plain) in CBT.V508.FILE1015.PDS, moved to PDS/LUWB1911
2025-04-13 16:16:13.660817 - Found LUWB1915.rexx (text/plain) in CBT.V508.FILE1015.PDS, moved to PDS/LUWB1915
2025-04-13 16:16:13.661589 - Found LUWB1920.bin (application/octet-stream) in CBT.V508.FILE1015.PDS, moved to PDS/LUWB1920
2025-04-13 16:16:13.662249 - Found LUWB1921.bin (application/octet-stream) in CBT.V508.FILE1015.PDS, moved to PDS/LUWB1921
2025-04-13 16:16:13.662869 - Found LUWB1925.rexx (text/plain) in CBT.V508.FILE1015.PDS, moved to PDS/LUWB1925
2025-04-13 16:16:13.663186 - Found LUWB1935.rexx (text/plain) in CBT.V508.FILE1015.PDS, moved to PDS/LUWB1935
2025-04-13 16:16:13.663804 - Found LUWB5ACX.rexx (text/plain) in CBT.V508.FILE1015.PDS, moved to PDS/LUWB5ACX
2025-04-13 16:16:13.664394 - Found LUWB5AC1.rexx (text/plain) in CBT.V508.FILE1015.PDS, moved to PDS/LUWB5AC1
2025-04-13 16:16:13.665136 - Found LUWB5AC2.rexx (text/plain) in CBT.V508.FILE1015.PDS, moved to PDS/LUWB5AC2
2025-04-13 16:16:13.666211 - Found LUWB5AC3.rexx (text/plain) in CBT.V508.FILE1015.PDS, moved to PDS/LUWB5AC3
2025-04-13 16:16:13.666448 - Found LUWB5200.rexx (text/plain) in CBT.V508.FILE1015.PDS, moved to PDS/LUWB5200
2025-04-13 16:16:13.667002 - Found LUWB5210.rexx (text/plain) in CBT.V508.FILE1015.PDS, moved to PDS/LUWB5210
2025-04-13 16:16:13.667319 - Found LUWB5900.rexx (text/plain) in CBT.V508.FILE1015.PDS, moved to PDS/LUWB5900
2025-04-13 16:16:13.667550 - Found LUWB5905.rexx (text/plain) in CBT.V508.FILE1015.PDS, moved to PDS/LUWB5905
2025-04-13 16:16:13.667774 - Found LUWB5910.rexx (text/plain) in CBT.V508.FILE1015.PDS, moved to PDS/LUWB5910
2025-04-13 16:16:13.667955 - Found LUWB5911.rexx (text/plain) in CBT.V508.FILE1015.PDS, moved to PDS/LUWB5911
2025-04-13 16:16:13.668318 - Found LUWB5915.rexx (text/plain) in CBT.V508.FILE1015.PDS, moved to PDS/LUWB5915
2025-04-13 16:16:13.668952 - Found LUWB5920.bin (application/octet-stream) in CBT.V508.FILE1015.PDS, moved to PDS/LUWB5920
2025-04-13 16:16:13.669597 - Found LUWB5925.rexx (text/plain) in CBT.V508.FILE1015.PDS, moved to PDS/LUWB5925
2025-04-13 16:16:13.670184 - Found LUWB5935.rexx (text/plain) in CBT.V508.FILE1015.PDS, moved to PDS/LUWB5935
2025-04-13 16:16:13.670399 - Found LUWDB2.rexx (text/plain) in CBT.V508.FILE1015.PDS, moved to PDS/LUWDB2
2025-04-13 16:16:13.670609 - Found LUWEDSQL.rexx (text/plain) in CBT.V508.FILE1015.PDS, moved to PDS/LUWEDSQL
2025-04-13 16:16:13.670808 - Found LUWHELP.rexx (text/plain) in CBT.V508.FILE1015.PDS, moved to PDS/LUWHELP
2025-04-13 16:16:13.671414 - Found LUW97AC2.rexx (text/plain) in CBT.V508.FILE1015.PDS, moved to PDS/LUW97AC2
2025-04-13 16:16:13.672162 - Found LUW97AC3.rexx (text/plain) in CBT.V508.FILE1015.PDS, moved to PDS/LUW97AC3
2025-04-13 16:16:13.672514 - Found LUW97200.rexx (text/plain) in CBT.V508.FILE1015.PDS, moved to PDS/LUW97200
2025-04-13 16:16:13.673174 - Found LUW97210.rexx (text/plain) in CBT.V508.FILE1015.PDS, moved to PDS/LUW97210
2025-04-13 16:16:13.673487 - Found LUW97900.rexx (text/plain) in CBT.V508.FILE1015.PDS, moved to PDS/LUW97900
2025-04-13 16:16:13.673800 - Found LUW97905.rexx (text/plain) in CBT.V508.FILE1015.PDS, moved to PDS/LUW97905
2025-04-13 16:16:13.674027 - Found LUW97910.rexx (text/plain) in CBT.V508.FILE1015.PDS, moved to PDS/LUW97910
2025-04-13 16:16:13.674456 - Found LUW97911.rexx (text/plain) in CBT.V508.FILE1015.PDS, moved to PDS/LUW97911
2025-04-13 16:16:13.674669 - Found LUW97915.rexx (text/plain) in CBT.V508.FILE1015.PDS, moved to PDS/LUW97915
2025-04-13 16:16:13.675119 - Found LUW97920.bin (application/octet-stream) in CBT.V508.FILE1015.PDS, moved to PDS/LUW97920
2025-04-13 16:16:13.675752 - Found LUW97921.bin (application/octet-stream) in CBT.V508.FILE1015.PDS, moved to PDS/LUW97921
2025-04-13 16:16:13.675953 - Found RXMODDEL.rexx (text/plain) in CBT.V508.FILE1015.PDS, moved to PDS/RXMODDEL
2025-04-13 16:16:13.676518 - Found RXOBJECT.rexx (text/plain) in CBT.V508.FILE1015.PDS, moved to PDS/RXOBJECT
2025-04-13 16:16:13.676838 - Found RXSQLFOR.rexx (text/plain) in CBT.V508.FILE1015.PDS, moved to PDS/RXSQLFOR
2025-04-13 16:16:13.677055 - Found RXSQLFO1.rexx (text/plain) in CBT.V508.FILE1015.PDS, moved to PDS/RXSQLFO1
2025-04-13 16:16:13.677205 - Found SERROR.rexx (text/plain) in CBT.V508.FILE1015.PDS, moved to PDS/SERROR
2025-04-13 16:16:13.677354 - Found SIFCAREX.rexx (text/plain) in CBT.V508.FILE1015.PDS, moved to PDS/SIFCAREX
2025-04-13 16:16:13.677499 - Found SKELS.rexx (text/plain) in CBT.V508.FILE1015.PDS, moved to PDS/SKELS
2025-04-13 16:16:13.677648 - Found SPLITSQL.rexx (text/plain) in CBT.V508.FILE1015.PDS, moved to PDS/SPLITSQL
2025-04-13 16:16:13.677790 - Found SPLITSQ1.rexx (text/plain) in CBT.V508.FILE1015.PDS, moved to PDS/SPLITSQ1
2025-04-13 16:16:13.677930 - Found SQLERR.rexx (text/plain) in CBT.V508.FILE1015.PDS, moved to PDS/SQLERR
2025-04-13 16:16:13.678071 - Found SQLERR1.rexx (text/plain) in CBT.V508.FILE1015.PDS, moved to PDS/SQLERR1
2025-04-13 16:16:13.678231 - Found SSPUFI.rexx (text/plain) in CBT.V508.FILE1015.PDS, moved to PDS/SSPUFI
2025-04-13 16:16:13.678951 - Found ZOSA1AC2.rexx (text/plain) in CBT.V508.FILE1015.PDS, moved to PDS/ZOSA1AC2
2025-04-13 16:16:13.679933 - Found ZOSA1AC3.rexx (text/plain) in CBT.V508.FILE1015.PDS, moved to PDS/ZOSA1AC3
2025-04-13 16:16:13.680515 - Found ZOSA1200.rexx (text/plain) in CBT.V508.FILE1015.PDS, moved to PDS/ZOSA1200
2025-04-13 16:16:13.680989 - Found ZOSA1210.rexx (text/plain) in CBT.V508.FILE1015.PDS, moved to PDS/ZOSA1210
2025-04-13 16:16:13.681328 - Found ZOSA1900.rexx (text/plain) in CBT.V508.FILE1015.PDS, moved to PDS/ZOSA1900
2025-04-13 16:16:13.682315 - Found ZOSA1905.rexx (text/plain) in CBT.V508.FILE1015.PDS, moved to PDS/ZOSA1905
2025-04-13 16:16:13.682661 - Found ZOSA1910.rexx (text/plain) in CBT.V508.FILE1015.PDS, moved to PDS/ZOSA1910
2025-04-13 16:16:13.682957 - Found ZOSA1911.rexx (text/plain) in CBT.V508.FILE1015.PDS, moved to PDS/ZOSA1911
2025-04-13 16:16:13.683466 - Found ZOSA1915.rexx (text/plain) in CBT.V508.FILE1015.PDS, moved to PDS/ZOSA1915
2025-04-13 16:16:13.684071 - Found ZOSA1916.rexx (text/plain) in CBT.V508.FILE1015.PDS, moved to PDS/ZOSA1916
2025-04-13 16:16:13.684944 - Found ZOSA1920.bin (application/octet-stream) in CBT.V508.FILE1015.PDS, moved to PDS/ZOSA1920
2025-04-13 16:16:13.685592 - Found ZOSA1925.rexx (text/plain) in CBT.V508.FILE1015.PDS, moved to PDS/ZOSA1925
2025-04-13 16:16:13.686200 - Found ZOSA1930.rexx (text/plain) in CBT.V508.FILE1015.PDS, moved to PDS/ZOSA1930
2025-04-13 16:16:13.686641 - Found ZOSA1935.rexx (text/plain) in CBT.V508.FILE1015.PDS, moved to PDS/ZOSA1935
2025-04-13 16:16:13.687236 - Found ZOSA1940.rexx (text/plain) in CBT.V508.FILE1015.PDS, moved to PDS/ZOSA1940
2025-04-13 16:16:13.688235 - Found ZOSB1AC2.rexx (text/plain) in CBT.V508.FILE1015.PDS, moved to PDS/ZOSB1AC2
2025-04-13 16:16:13.689278 - Found ZOSB1AC3.rexx (text/plain) in CBT.V508.FILE1015.PDS, moved to PDS/ZOSB1AC3
2025-04-13 16:16:13.690564 - Found ZOSB1AC4.rexx (text/plain) in CBT.V508.FILE1015.PDS, moved to PDS/ZOSB1AC4
2025-04-13 16:16:13.691100 - Found ZOSB1200.rexx (text/plain) in CBT.V508.FILE1015.PDS, moved to PDS/ZOSB1200
2025-04-13 16:16:13.691590 - Found ZOSB1210.rexx (text/plain) in CBT.V508.FILE1015.PDS, moved to PDS/ZOSB1210
2025-04-13 16:16:13.691903 - Found ZOSB1900.rexx (text/plain) in CBT.V508.FILE1015.PDS, moved to PDS/ZOSB1900
2025-04-13 16:16:13.692756 - Found ZOSB1905.rexx (text/plain) in CBT.V508.FILE1015.PDS, moved to PDS/ZOSB1905
2025-04-13 16:16:13.693070 - Found ZOSB1906.rexx (text/plain) in CBT.V508.FILE1015.PDS, moved to PDS/ZOSB1906
2025-04-13 16:16:13.693408 - Found ZOSB1910.rexx (text/plain) in CBT.V508.FILE1015.PDS, moved to PDS/ZOSB1910
2025-04-13 16:16:13.693618 - Found ZOSB1911.rexx (text/plain) in CBT.V508.FILE1015.PDS, moved to PDS/ZOSB1911
2025-04-13 16:16:13.694471 - Found ZOSB1915.rexx (text/plain) in CBT.V508.FILE1015.PDS, moved to PDS/ZOSB1915
2025-04-13 16:16:13.695060 - Found ZOSB192B.rexx (text/plain) in CBT.V508.FILE1015.PDS, moved to PDS/ZOSB192B
2025-04-13 16:16:13.695805 - Found ZOSB1920.rexx (text/plain) in CBT.V508.FILE1015.PDS, moved to PDS/ZOSB1920
2025-04-13 16:16:13.696301 - Found ZOSB1921.rexx (text/plain) in CBT.V508.FILE1015.PDS, moved to PDS/ZOSB1921
2025-04-13 16:16:13.697156 - Found ZOSB1925.rexx (text/plain) in CBT.V508.FILE1015.PDS, moved to PDS/ZOSB1925
2025-04-13 16:16:13.697822 - Found ZOSB1930.rexx (text/plain) in CBT.V508.FILE1015.PDS, moved to PDS/ZOSB1930
2025-04-13 16:16:13.698510 - Found ZOSB1931.rexx (text/plain) in CBT.V508.FILE1015.PDS, moved to PDS/ZOSB1931
2025-04-13 16:16:13.699124 - Found ZOSB1932.rexx (text/plain) in CBT.V508.FILE1015.PDS, moved to PDS/ZOSB1932
2025-04-13 16:16:13.699986 - Found ZOSB1935.rexx (text/plain) in CBT.V508.FILE1015.PDS, moved to PDS/ZOSB1935
2025-04-13 16:16:13.700571 - Found ZOSB1940.rexx (text/plain) in CBT.V508.FILE1015.PDS, moved to PDS/ZOSB1940
2025-04-13 16:16:13.700758 - Found ZOSC1AC2.rexx (text/plain) in CBT.V508.FILE1015.PDS, moved to PDS/ZOSC1AC2
2025-04-13 16:16:13.700951 - Found ZOSC1AC3.rexx (text/plain) in CBT.V508.FILE1015.PDS, moved to PDS/ZOSC1AC3
2025-04-13 16:16:13.701396 - Found ZOSC1200.rexx (text/plain) in CBT.V508.FILE1015.PDS, moved to PDS/ZOSC1200
2025-04-13 16:16:13.701943 - Found ZOSC1210.rexx (text/plain) in CBT.V508.FILE1015.PDS, moved to PDS/ZOSC1210
2025-04-13 16:16:13.702562 - Found ZOSC1900.rexx (text/plain) in CBT.V508.FILE1015.PDS, moved to PDS/ZOSC1900
2025-04-13 16:16:13.703732 - Found ZOSC1905.rexx (text/plain) in CBT.V508.FILE1015.PDS, moved to PDS/ZOSC1905
2025-04-13 16:16:13.704061 - Found ZOSC1906.rexx (text/plain) in CBT.V508.FILE1015.PDS, moved to PDS/ZOSC1906
2025-04-13 16:16:13.704298 - Found ZOSC1907.rexx (text/plain) in CBT.V508.FILE1015.PDS, moved to PDS/ZOSC1907
2025-04-13 16:16:13.704654 - Found ZOSC1910.rexx (text/plain) in CBT.V508.FILE1015.PDS, moved to PDS/ZOSC1910
2025-04-13 16:16:13.704832 - Found ZOSC1911.rexx (text/plain) in CBT.V508.FILE1015.PDS, moved to PDS/ZOSC1911
2025-04-13 16:16:13.705624 - Found ZOSC1915.rexx (text/plain) in CBT.V508.FILE1015.PDS, moved to PDS/ZOSC1915
2025-04-13 16:16:13.706291 - Found ZOSC192B.rexx (text/plain) in CBT.V508.FILE1015.PDS, moved to PDS/ZOSC192B
2025-04-13 16:16:13.707189 - Found ZOSC1920.rexx (text/plain) in CBT.V508.FILE1015.PDS, moved to PDS/ZOSC1920
2025-04-13 16:16:13.707890 - Found ZOSC1921.rexx (text/plain) in CBT.V508.FILE1015.PDS, moved to PDS/ZOSC1921
2025-04-13 16:16:13.709022 - Found ZOSC1925.rexx (text/plain) in CBT.V508.FILE1015.PDS, moved to PDS/ZOSC1925
2025-04-13 16:16:13.709741 - Found ZOSC1930.rexx (text/plain) in CBT.V508.FILE1015.PDS, moved to PDS/ZOSC1930
2025-04-13 16:16:13.710819 - Found ZOSC1935.rexx (text/plain) in CBT.V508.FILE1015.PDS, moved to PDS/ZOSC1935
2025-04-13 16:16:13.711424 - Found ZOSC1940.rexx (text/plain) in CBT.V508.FILE1015.PDS, moved to PDS/ZOSC1940
2025-04-13 16:16:13.712432 - Found ZOSC2AC2.rexx (text/plain) in CBT.V508.FILE1015.PDS, moved to PDS/ZOSC2AC2
2025-04-13 16:16:13.713759 - Found ZOSC2AC3.rexx (text/plain) in CBT.V508.FILE1015.PDS, moved to PDS/ZOSC2AC3
2025-04-13 16:16:13.714757 - Found ZOSC3AC2.rexx (text/plain) in CBT.V508.FILE1015.PDS, moved to PDS/ZOSC3AC2
2025-04-13 16:16:13.716226 - Found ZOSC3AC3.rexx (text/plain) in CBT.V508.FILE1015.PDS, moved to PDS/ZOSC3AC3
2025-04-13 16:16:13.716403 - Found ZOSZPARM.rexx (text/plain) in CBT.V508.FILE1015.PDS, moved to PDS/ZOSZPARM
2025-04-13 16:16:13.717064 - Found ZOS81AC2.rexx (text/plain) in CBT.V508.FILE1015.PDS, moved to PDS/ZOS81AC2
2025-04-13 16:16:13.717598 - Found ZOS81AC3.rexx (text/plain) in CBT.V508.FILE1015.PDS, moved to PDS/ZOS81AC3
2025-04-13 16:16:13.717975 - Found ZOS81200.rexx (text/plain) in CBT.V508.FILE1015.PDS, moved to PDS/ZOS81200
2025-04-13 16:16:13.718419 - Found ZOS81210.rexx (text/plain) in CBT.V508.FILE1015.PDS, moved to PDS/ZOS81210
2025-04-13 16:16:13.718606 - Found ZOS81900.rexx (text/plain) in CBT.V508.FILE1015.PDS, moved to PDS/ZOS81900
2025-04-13 16:16:13.719569 - Found ZOS81905.rexx (text/plain) in CBT.V508.FILE1015.PDS, moved to PDS/ZOS81905
2025-04-13 16:16:13.719814 - Found ZOS81910.rexx (text/plain) in CBT.V508.FILE1015.PDS, moved to PDS/ZOS81910
2025-04-13 16:16:13.720020 - Found ZOS81911.rexx (text/plain) in CBT.V508.FILE1015.PDS, moved to PDS/ZOS81911
2025-04-13 16:16:13.720571 - Found ZOS81915.rexx (text/plain) in CBT.V508.FILE1015.PDS, moved to PDS/ZOS81915
2025-04-13 16:16:13.721232 - Found ZOS81916.rexx (text/plain) in CBT.V508.FILE1015.PDS, moved to PDS/ZOS81916
2025-04-13 16:16:13.721796 - Found ZOS81920.bin (application/octet-stream) in CBT.V508.FILE1015.PDS, moved to PDS/ZOS81920
2025-04-13 16:16:13.722522 - Found ZOS81925.rexx (text/plain) in CBT.V508.FILE1015.PDS, moved to PDS/ZOS81925
2025-04-13 16:16:13.723208 - Found ZOS91AC2.rexx (text/plain) in CBT.V508.FILE1015.PDS, moved to PDS/ZOS91AC2
2025-04-13 16:16:13.724073 - Found ZOS91AC3.rexx (text/plain) in CBT.V508.FILE1015.PDS, moved to PDS/ZOS91AC3
2025-04-13 16:16:13.724427 - Found ZOS91200.rexx (text/plain) in CBT.V508.FILE1015.PDS, moved to PDS/ZOS91200
2025-04-13 16:16:13.724881 - Found ZOS91210.rexx (text/plain) in CBT.V508.FILE1015.PDS, moved to PDS/ZOS91210
2025-04-13 16:16:13.725202 - Found ZOS91900.rexx (text/plain) in CBT.V508.FILE1015.PDS, moved to PDS/ZOS91900
2025-04-13 16:16:13.726188 - Found ZOS91905.rexx (text/plain) in CBT.V508.FILE1015.PDS, moved to PDS/ZOS91905
2025-04-13 16:16:13.726535 - Found ZOS91910.rexx (text/plain) in CBT.V508.FILE1015.PDS, moved to PDS/ZOS91910
2025-04-13 16:16:13.726723 - Found ZOS91911.rexx (text/plain) in CBT.V508.FILE1015.PDS, moved to PDS/ZOS91911
2025-04-13 16:16:13.727228 - Found ZOS91915.rexx (text/plain) in CBT.V508.FILE1015.PDS, moved to PDS/ZOS91915
2025-04-13 16:16:13.727689 - Found ZOS91916.rexx (text/plain) in CBT.V508.FILE1015.PDS, moved to PDS/ZOS91916
2025-04-13 16:16:13.728158 - Found ZOS91920.bin (application/octet-stream) in CBT.V508.FILE1015.PDS, moved to PDS/ZOS91920
2025-04-13 16:16:13.728777 - Found ZOS91925.rexx (text/plain) in CBT.V508.FILE1015.PDS, moved to PDS/ZOS91925
